======================================================================
  Naive DVI transaction benchmark (T1-T6)
  Binary      : /home/Jonas.Baltruschat/hyrise/build_release/hyriseBenchmarkDVIndexNaive
  Experiment  : all
  Iterations  : 3
  Output      : /home/Jonas.Baltruschat/hyrise/dvi_benchmarks/results/naive_txn/20260422_010857/
======================================================================
  [T1] insert_only_od_multi_v0.0_d0.1_random_t2_s100000
dvi_txn_benchmark_naive
  experiment:      T1
  workload:        insert_only
  mechanism:       od_multi
  violation:       0
  duplicate_rate:  0.1
  num_unique_lhs:  90000
  access:          random
  size:            100000
  batch_size:      10000
  threads:         2
  pre_pop:         0

=== Iteration 1 ===
[PERF] operator[] used at src/lib/storage/value_segment.cpp:48
	Performance can be affected. This warning is only shown once.
  batch 1/10 [0..10000]: 107 ms  (92845 ops/s)
  batch 2/10 [10000..20000]: 106 ms  (93515 ops/s)
  batch 3/10 [20000..30000]: 104 ms  (95423 ops/s)
  batch 4/10 [30000..40000]: 105 ms  (95105 ops/s)
  batch 5/10 [40000..50000]: 103 ms  (97049 ops/s)
  batch 6/10 [50000..60000]: 103 ms  (96511 ops/s)
[PERF] operator[] used at src/lib/storage/frame_of_reference_segment.cpp:49
	Performance can be affected. This warning is only shown once.
  batch 7/10 [60000..70000]: 155 ms  (64266 ops/s)
  batch 8/10 [70000..80000]: 105 ms  (94553 ops/s)
  batch 9/10 [80000..90000]: 104 ms  (95239 ops/s)
  batch 10/10 [90000..100000]: 105 ms  (94829 ops/s)
  total: 1103 ms  (90657 ops/s)

=== Iteration 2 ===
  batch 1/10 [0..10000]: 115 ms  (86943 ops/s)
  batch 2/10 [10000..20000]: 108 ms  (92012 ops/s)
  batch 3/10 [20000..30000]: 105 ms  (94933 ops/s)
  batch 4/10 [30000..40000]: 107 ms  (92770 ops/s)
  batch 5/10 [40000..50000]: 103 ms  (96841 ops/s)
  batch 6/10 [50000..60000]: 105 ms  (94389 ops/s)
  batch 7/10 [60000..70000]: 158 ms  (63248 ops/s)
  batch 8/10 [70000..80000]: 103 ms  (96251 ops/s)
  batch 9/10 [80000..90000]: 104 ms  (95242 ops/s)
  batch 10/10 [90000..100000]: 103 ms  (96276 ops/s)
  total: 1116 ms  (89533 ops/s)

=== Iteration 3 ===
  batch 1/10 [0..10000]: 109 ms  (91601 ops/s)
  batch 2/10 [10000..20000]: 105 ms  (95047 ops/s)
  batch 3/10 [20000..30000]: 106 ms  (93680 ops/s)
  batch 4/10 [30000..40000]: 101 ms  (98371 ops/s)
  batch 5/10 [40000..50000]: 107 ms  (93334 ops/s)
  batch 6/10 [50000..60000]: 106 ms  (93697 ops/s)
  batch 7/10 [60000..70000]: 159 ms  (62679 ops/s)
  batch 8/10 [70000..80000]: 102 ms  (97264 ops/s)
  batch 9/10 [80000..90000]: 102 ms  (97735 ops/s)
  batch 10/10 [90000..100000]: 101 ms  (98800 ops/s)
  total: 1102 ms  (90700 ops/s)
  [T1] update_only_od_multi_v0.0_d0.1_random_t2_s100000
dvi_txn_benchmark_naive
  experiment:      T1
  workload:        update_only
  mechanism:       od_multi
  violation:       0
  duplicate_rate:  0.1
  num_unique_lhs:  90000
  access:          random
  size:            100000
  batch_size:      10000
  threads:         2
  pre_pop:         100000

=== Iteration 1 ===
[PERF] Unresolved iterator created for AbstractPosList at src/lib/storage/pos_lists/abstract_pos_list.cpp:8
	Performance can be affected. This warning is only shown once.
[PERF] operator[] used at src/lib/storage/value_segment.cpp:48
	Performance can be affected. This warning is only shown once.
  batch 1/10 [0..10000]: 2702 ms  (3700 ops/s)
  batch 2/10 [10000..20000]: 2921 ms  (3422 ops/s)
  batch 3/10 [20000..30000]: 3069 ms  (3258 ops/s)
[PERF] operator[] used at src/lib/storage/frame_of_reference_segment.cpp:49
	Performance can be affected. This warning is only shown once.
  batch 4/10 [30000..40000]: 3443 ms  (2903 ops/s)
  batch 5/10 [40000..50000]: 3668 ms  (2726 ops/s)
  batch 6/10 [50000..60000]: 3838 ms  (2605 ops/s)
  batch 7/10 [60000..70000]: 4053 ms  (2466 ops/s)
  batch 8/10 [70000..80000]: 4241 ms  (2357 ops/s)
  batch 9/10 [80000..90000]: 4412 ms  (2266 ops/s)
  batch 10/10 [90000..100000]: 4306 ms  (2322 ops/s)
  total: 36656 ms  (2728 ops/s)

=== Iteration 2 ===
  batch 1/10 [0..10000]: 2511 ms  (3980 ops/s)
  batch 2/10 [10000..20000]: 2888 ms  (3461 ops/s)
  batch 3/10 [20000..30000]: 3102 ms  (3223 ops/s)
  batch 4/10 [30000..40000]: 3469 ms  (2882 ops/s)
  batch 5/10 [40000..50000]: 3673 ms  (2722 ops/s)
  batch 6/10 [50000..60000]: 3867 ms  (2585 ops/s)
  batch 7/10 [60000..70000]: 4017 ms  (2489 ops/s)
  batch 8/10 [70000..80000]: 4207 ms  (2376 ops/s)
  batch 9/10 [80000..90000]: 4393 ms  (2276 ops/s)
  batch 10/10 [90000..100000]: 4307 ms  (2321 ops/s)
  total: 36440 ms  (2744 ops/s)

=== Iteration 3 ===
  batch 1/10 [0..10000]: 2463 ms  (4058 ops/s)
  batch 2/10 [10000..20000]: 2871 ms  (3482 ops/s)
  batch 3/10 [20000..30000]: 3039 ms  (3290 ops/s)
  batch 4/10 [30000..40000]: 3451 ms  (2897 ops/s)
  batch 5/10 [40000..50000]: 3616 ms  (2765 ops/s)
  batch 6/10 [50000..60000]: 3797 ms  (2632 ops/s)
  batch 7/10 [60000..70000]: 3985 ms  (2509 ops/s)
  batch 8/10 [70000..80000]: 4202 ms  (2379 ops/s)
  batch 9/10 [80000..90000]: 4362 ms  (2292 ops/s)
  batch 10/10 [90000..100000]: 4311 ms  (2319 ops/s)
  total: 36101 ms  (2769 ops/s)
  [T1] delete_only_od_multi_v0.0_d0.1_random_t2_s100000
dvi_txn_benchmark_naive
  experiment:      T1
  workload:        delete_only
  mechanism:       od_multi
  violation:       0
  duplicate_rate:  0.1
  num_unique_lhs:  90000
  access:          random
  size:            100000
  batch_size:      10000
  threads:         2
  pre_pop:         100000

=== Iteration 1 ===
[PERF] Unresolved iterator created for AbstractPosList at src/lib/storage/pos_lists/abstract_pos_list.cpp:8
	Performance can be affected. This warning is only shown once.
[PERF] operator[] used at src/lib/storage/value_segment.cpp:48
	Performance can be affected. This warning is only shown once.
  batch 1/10 [0..10000]: 2653 ms  (3769 ops/s)
  batch 2/10 [10000..20000]: 3040 ms  (3289 ops/s)
  batch 3/10 [20000..30000]: 3282 ms  (3046 ops/s)
[PERF] operator[] used at src/lib/storage/frame_of_reference_segment.cpp:49
	Performance can be affected. This warning is only shown once.
  batch 4/10 [30000..40000]: 3677 ms  (2719 ops/s)
  batch 5/10 [40000..50000]: 3868 ms  (2585 ops/s)
  batch 6/10 [50000..60000]: 4067 ms  (2458 ops/s)
  batch 7/10 [60000..70000]: 4256 ms  (2349 ops/s)
  batch 8/10 [70000..80000]: 4476 ms  (2233 ops/s)
  batch 9/10 [80000..90000]: 4667 ms  (2142 ops/s)
  batch 10/10 [90000..100000]: 4564 ms  (2190 ops/s)
  total: 38553 ms  (2593 ops/s)

=== Iteration 2 ===
  batch 1/10 [0..10000]: 2681 ms  (3728 ops/s)
  batch 2/10 [10000..20000]: 3065 ms  (3261 ops/s)
  batch 3/10 [20000..30000]: 3219 ms  (3106 ops/s)
  batch 4/10 [30000..40000]: 3638 ms  (2748 ops/s)
  batch 5/10 [40000..50000]: 3871 ms  (2583 ops/s)
  batch 6/10 [50000..60000]: 4062 ms  (2461 ops/s)
  batch 7/10 [60000..70000]: 4277 ms  (2337 ops/s)
  batch 8/10 [70000..80000]: 4455 ms  (2244 ops/s)
  batch 9/10 [80000..90000]: 4644 ms  (2153 ops/s)
  batch 10/10 [90000..100000]: 4549 ms  (2198 ops/s)
  total: 38465 ms  (2599 ops/s)

=== Iteration 3 ===
  batch 1/10 [0..10000]: 2620 ms  (3816 ops/s)
  batch 2/10 [10000..20000]: 3055 ms  (3273 ops/s)
  batch 3/10 [20000..30000]: 3262 ms  (3065 ops/s)
  batch 4/10 [30000..40000]: 3649 ms  (2740 ops/s)
  batch 5/10 [40000..50000]: 3838 ms  (2604 ops/s)
  batch 6/10 [50000..60000]: 4060 ms  (2462 ops/s)
  batch 7/10 [60000..70000]: 4263 ms  (2345 ops/s)
  batch 8/10 [70000..80000]: 4469 ms  (2237 ops/s)
  batch 9/10 [80000..90000]: 4662 ms  (2144 ops/s)
  batch 10/10 [90000..100000]: 4564 ms  (2190 ops/s)
  total: 38446 ms  (2601 ops/s)
  [T1] mixed_od_multi_v0.0_d0.1_random_t2_s100000
dvi_txn_benchmark_naive
  experiment:      T1
  workload:        mixed
  mechanism:       od_multi
  violation:       0
  duplicate_rate:  0.1
  num_unique_lhs:  90000
  access:          random
  size:            100000
  batch_size:      10000
  threads:         2
  pre_pop:         100000

=== Iteration 1 ===
[PERF] operator[] used at src/lib/storage/value_segment.cpp:48
	Performance can be affected. This warning is only shown once.
[PERF] Unresolved iterator created for AbstractPosList at src/lib/storage/pos_lists/abstract_pos_list.cpp:8
	Performance can be affected. This warning is only shown once.
  batch 1/10 [0..10000]: 767 ms  (13032 ops/s)
  batch 2/10 [10000..20000]: 839 ms  (11912 ops/s)
  batch 3/10 [20000..30000]: 905 ms  (11049 ops/s)
[PERF] operator[] used at src/lib/storage/frame_of_reference_segment.cpp:49
	Performance can be affected. This warning is only shown once.
  batch 4/10 [30000..40000]: 1043 ms  (9581 ops/s)
  batch 5/10 [40000..50000]: 1090 ms  (9173 ops/s)
  batch 6/10 [50000..60000]: 1138 ms  (8786 ops/s)
  batch 7/10 [60000..70000]: 1197 ms  (8352 ops/s)
  batch 8/10 [70000..80000]: 1260 ms  (7932 ops/s)
  batch 9/10 [80000..90000]: 1314 ms  (7607 ops/s)
  batch 10/10 [90000..100000]: 1309 ms  (7636 ops/s)
  total: 10865 ms  (9203 ops/s)

=== Iteration 2 ===
  batch 1/10 [0..10000]: 785 ms  (12722 ops/s)
  batch 2/10 [10000..20000]: 849 ms  (11776 ops/s)
  batch 3/10 [20000..30000]: 908 ms  (11009 ops/s)
  batch 4/10 [30000..40000]: 1045 ms  (9564 ops/s)
  batch 5/10 [40000..50000]: 1097 ms  (9109 ops/s)
  batch 6/10 [50000..60000]: 1149 ms  (8698 ops/s)
  batch 7/10 [60000..70000]: 1198 ms  (8340 ops/s)
  batch 8/10 [70000..80000]: 1247 ms  (8018 ops/s)
  batch 9/10 [80000..90000]: 1314 ms  (7608 ops/s)
  batch 10/10 [90000..100000]: 1316 ms  (7593 ops/s)
  total: 10913 ms  (9162 ops/s)

=== Iteration 3 ===
  batch 1/10 [0..10000]: 774 ms  (12916 ops/s)
  batch 2/10 [10000..20000]: 851 ms  (11746 ops/s)
  batch 3/10 [20000..30000]: 907 ms  (11017 ops/s)
  batch 4/10 [30000..40000]: 1049 ms  (9531 ops/s)
  batch 5/10 [40000..50000]: 1089 ms  (9179 ops/s)
  batch 6/10 [50000..60000]: 1146 ms  (8723 ops/s)
  batch 7/10 [60000..70000]: 1173 ms  (8519 ops/s)
  batch 8/10 [70000..80000]: 1241 ms  (8053 ops/s)
  batch 9/10 [80000..90000]: 1294 ms  (7723 ops/s)
  batch 10/10 [90000..100000]: 1302 ms  (7676 ops/s)
  total: 10831 ms  (9232 ops/s)
  [T2] mixed_off_v0.0_d0.1_random_t2_s100000
dvi_txn_benchmark_naive
  experiment:      T2
  workload:        mixed
  mechanism:       off
  violation:       0
  duplicate_rate:  0.1
  num_unique_lhs:  90000
  access:          random
  size:            100000
  batch_size:      10000
  threads:         2
  pre_pop:         100000

=== Iteration 1 ===
[PERF] Unresolved iterator created for AbstractPosList at src/lib/storage/pos_lists/abstract_pos_list.cpp:8
	Performance can be affected. This warning is only shown once.
  batch 1/10 [0..10000]: 762 ms  (13106 ops/s)
  batch 2/10 [10000..20000]: 845 ms  (11830 ops/s)
  batch 3/10 [20000..30000]: 888 ms  (11260 ops/s)
  batch 4/10 [30000..40000]: 1033 ms  (9679 ops/s)
  batch 5/10 [40000..50000]: 1079 ms  (9261 ops/s)
  batch 6/10 [50000..60000]: 1161 ms  (8606 ops/s)
  batch 7/10 [60000..70000]: 1217 ms  (8214 ops/s)
  batch 8/10 [70000..80000]: 1271 ms  (7862 ops/s)
  batch 9/10 [80000..90000]: 1317 ms  (7587 ops/s)
  batch 10/10 [90000..100000]: 1314 ms  (7607 ops/s)
  total: 10892 ms  (9180 ops/s)

=== Iteration 2 ===
  batch 1/10 [0..10000]: 758 ms  (13177 ops/s)
  batch 2/10 [10000..20000]: 844 ms  (11842 ops/s)
  batch 3/10 [20000..30000]: 907 ms  (11022 ops/s)
  batch 4/10 [30000..40000]: 1028 ms  (9721 ops/s)
  batch 5/10 [40000..50000]: 1077 ms  (9276 ops/s)
  batch 6/10 [50000..60000]: 1154 ms  (8665 ops/s)
  batch 7/10 [60000..70000]: 1211 ms  (8251 ops/s)
  batch 8/10 [70000..80000]: 1264 ms  (7908 ops/s)
  batch 9/10 [80000..90000]: 1328 ms  (7526 ops/s)
  batch 10/10 [90000..100000]: 1312 ms  (7621 ops/s)
  total: 10888 ms  (9184 ops/s)

=== Iteration 3 ===
  batch 1/10 [0..10000]: 770 ms  (12975 ops/s)
  batch 2/10 [10000..20000]: 853 ms  (11716 ops/s)
  batch 3/10 [20000..30000]: 905 ms  (11043 ops/s)
  batch 4/10 [30000..40000]: 1046 ms  (9551 ops/s)
  batch 5/10 [40000..50000]: 1084 ms  (9219 ops/s)
  batch 6/10 [50000..60000]: 1138 ms  (8782 ops/s)
  batch 7/10 [60000..70000]: 1208 ms  (8272 ops/s)
  batch 8/10 [70000..80000]: 1270 ms  (7869 ops/s)
  batch 9/10 [80000..90000]: 1328 ms  (7527 ops/s)
  batch 10/10 [90000..100000]: 1299 ms  (7695 ops/s)
  total: 10907 ms  (9168 ops/s)
  [T2] mixed_fd_single_v0.0_d0.1_random_t2_s100000
dvi_txn_benchmark_naive
  experiment:      T2
  workload:        mixed
  mechanism:       fd_single
  violation:       0
  duplicate_rate:  0.1
  num_unique_lhs:  90000
  access:          random
  size:            100000
  batch_size:      10000
  threads:         2
  pre_pop:         100000

=== Iteration 1 ===
[PERF] operator[] used at src/lib/storage/value_segment.cpp:48
	Performance can be affected. This warning is only shown once.
[PERF] Unresolved iterator created for AbstractPosList at src/lib/storage/pos_lists/abstract_pos_list.cpp:8
	Performance can be affected. This warning is only shown once.
  batch 1/10 [0..10000]: 785 ms  (12738 ops/s)
  batch 2/10 [10000..20000]: 854 ms  (11706 ops/s)
  batch 3/10 [20000..30000]: 910 ms  (10979 ops/s)
[PERF] operator[] used at src/lib/storage/frame_of_reference_segment.cpp:49
	Performance can be affected. This warning is only shown once.
  batch 4/10 [30000..40000]: 1049 ms  (9524 ops/s)
  batch 5/10 [40000..50000]: 1089 ms  (9182 ops/s)
  batch 6/10 [50000..60000]: 1162 ms  (8599 ops/s)
  batch 7/10 [60000..70000]: 1216 ms  (8222 ops/s)
  batch 8/10 [70000..80000]: 1275 ms  (7840 ops/s)
  batch 9/10 [80000..90000]: 1341 ms  (7454 ops/s)
  batch 10/10 [90000..100000]: 1332 ms  (7502 ops/s)
  total: 11018 ms  (9076 ops/s)

=== Iteration 2 ===
  batch 1/10 [0..10000]: 779 ms  (12829 ops/s)
  batch 2/10 [10000..20000]: 860 ms  (11615 ops/s)
  batch 3/10 [20000..30000]: 913 ms  (10947 ops/s)
  batch 4/10 [30000..40000]: 1045 ms  (9562 ops/s)
  batch 5/10 [40000..50000]: 1081 ms  (9242 ops/s)
  batch 6/10 [50000..60000]: 1156 ms  (8647 ops/s)
  batch 7/10 [60000..70000]: 1220 ms  (8194 ops/s)
  batch 8/10 [70000..80000]: 1267 ms  (7887 ops/s)
  batch 9/10 [80000..90000]: 1324 ms  (7549 ops/s)
  batch 10/10 [90000..100000]: 1329 ms  (7519 ops/s)
  total: 10980 ms  (9107 ops/s)

=== Iteration 3 ===
  batch 1/10 [0..10000]: 785 ms  (12728 ops/s)
  batch 2/10 [10000..20000]: 854 ms  (11696 ops/s)
  batch 3/10 [20000..30000]: 911 ms  (10967 ops/s)
  batch 4/10 [30000..40000]: 1041 ms  (9601 ops/s)
  batch 5/10 [40000..50000]: 1095 ms  (9125 ops/s)
  batch 6/10 [50000..60000]: 1165 ms  (8577 ops/s)
  batch 7/10 [60000..70000]: 1225 ms  (8157 ops/s)
  batch 8/10 [70000..80000]: 1293 ms  (7733 ops/s)
  batch 9/10 [80000..90000]: 1340 ms  (7461 ops/s)
  batch 10/10 [90000..100000]: 1317 ms  (7588 ops/s)
  total: 11032 ms  (9064 ops/s)
  [T2] mixed_fd_multi_v0.0_d0.1_random_t2_s100000
dvi_txn_benchmark_naive
  experiment:      T2
  workload:        mixed
  mechanism:       fd_multi
  violation:       0
  duplicate_rate:  0.1
  num_unique_lhs:  90000
  access:          random
  size:            100000
  batch_size:      10000
  threads:         2
  pre_pop:         100000

=== Iteration 1 ===
[PERF] operator[] used at src/lib/storage/value_segment.cpp:48
	Performance can be affected. This warning is only shown once.
[PERF] Unresolved iterator created for AbstractPosList at src/lib/storage/pos_lists/abstract_pos_list.cpp:8
	Performance can be affected. This warning is only shown once.
  batch 1/10 [0..10000]: 771 ms  (12965 ops/s)
  batch 2/10 [10000..20000]: 850 ms  (11756 ops/s)
  batch 3/10 [20000..30000]: 898 ms  (11133 ops/s)
[PERF] operator[] used at src/lib/storage/frame_of_reference_segment.cpp:49
	Performance can be affected. This warning is only shown once.
  batch 4/10 [30000..40000]: 1032 ms  (9685 ops/s)
  batch 5/10 [40000..50000]: 1077 ms  (9276 ops/s)
  batch 6/10 [50000..60000]: 1118 ms  (8939 ops/s)
  batch 7/10 [60000..70000]: 1189 ms  (8409 ops/s)
  batch 8/10 [70000..80000]: 1248 ms  (8006 ops/s)
  batch 9/10 [80000..90000]: 1299 ms  (7696 ops/s)
  batch 10/10 [90000..100000]: 1293 ms  (7733 ops/s)
  total: 10779 ms  (9276 ops/s)

=== Iteration 2 ===
  batch 1/10 [0..10000]: 765 ms  (13060 ops/s)
  batch 2/10 [10000..20000]: 845 ms  (11827 ops/s)
  batch 3/10 [20000..30000]: 905 ms  (11048 ops/s)
  batch 4/10 [30000..40000]: 1028 ms  (9721 ops/s)
  batch 5/10 [40000..50000]: 1064 ms  (9394 ops/s)
  batch 6/10 [50000..60000]: 1137 ms  (8788 ops/s)
  batch 7/10 [60000..70000]: 1195 ms  (8364 ops/s)
  batch 8/10 [70000..80000]: 1262 ms  (7920 ops/s)
  batch 9/10 [80000..90000]: 1310 ms  (7633 ops/s)
  batch 10/10 [90000..100000]: 1300 ms  (7688 ops/s)
  total: 10815 ms  (9245 ops/s)

=== Iteration 3 ===
  batch 1/10 [0..10000]: 768 ms  (13015 ops/s)
  batch 2/10 [10000..20000]: 840 ms  (11893 ops/s)
  batch 3/10 [20000..30000]: 907 ms  (11018 ops/s)
  batch 4/10 [30000..40000]: 1026 ms  (9741 ops/s)
  batch 5/10 [40000..50000]: 1068 ms  (9363 ops/s)
  batch 6/10 [50000..60000]: 1131 ms  (8836 ops/s)
  batch 7/10 [60000..70000]: 1186 ms  (8427 ops/s)
  batch 8/10 [70000..80000]: 1237 ms  (8080 ops/s)
  batch 9/10 [80000..90000]: 1314 ms  (7605 ops/s)
  batch 10/10 [90000..100000]: 1292 ms  (7736 ops/s)
  total: 10774 ms  (9281 ops/s)
  [T2] mixed_od_single_v0.0_d0.1_random_t2_s100000
dvi_txn_benchmark_naive
  experiment:      T2
  workload:        mixed
  mechanism:       od_single
  violation:       0
  duplicate_rate:  0.1
  num_unique_lhs:  90000
  access:          random
  size:            100000
  batch_size:      10000
  threads:         2
  pre_pop:         100000

=== Iteration 1 ===
[PERF] operator[] used at src/lib/storage/value_segment.cpp:48
	Performance can be affected. This warning is only shown once.
[PERF] Unresolved iterator created for AbstractPosList at src/lib/storage/pos_lists/abstract_pos_list.cpp:8
	Performance can be affected. This warning is only shown once.
  batch 1/10 [0..10000]: 788 ms  (12684 ops/s)
  batch 2/10 [10000..20000]: 857 ms  (11663 ops/s)
  batch 3/10 [20000..30000]: 929 ms  (10753 ops/s)
[PERF] operator[] used at src/lib/storage/frame_of_reference_segment.cpp:49
	Performance can be affected. This warning is only shown once.
  batch 4/10 [30000..40000]: 1056 ms  (9464 ops/s)
  batch 5/10 [40000..50000]: 1106 ms  (9036 ops/s)
  batch 6/10 [50000..60000]: 1164 ms  (8588 ops/s)
  batch 7/10 [60000..70000]: 1218 ms  (8210 ops/s)
  batch 8/10 [70000..80000]: 1283 ms  (7788 ops/s)
  batch 9/10 [80000..90000]: 1335 ms  (7485 ops/s)
  batch 10/10 [90000..100000]: 1324 ms  (7550 ops/s)
  total: 11065 ms  (9036 ops/s)

=== Iteration 2 ===
  batch 1/10 [0..10000]: 779 ms  (12834 ops/s)
  batch 2/10 [10000..20000]: 870 ms  (11489 ops/s)
  batch 3/10 [20000..30000]: 921 ms  (10853 ops/s)
  batch 4/10 [30000..40000]: 1062 ms  (9412 ops/s)
  batch 5/10 [40000..50000]: 1091 ms  (9163 ops/s)
  batch 6/10 [50000..60000]: 1157 ms  (8642 ops/s)
  batch 7/10 [60000..70000]: 1226 ms  (8155 ops/s)
  batch 8/10 [70000..80000]: 1277 ms  (7826 ops/s)
  batch 9/10 [80000..90000]: 1338 ms  (7471 ops/s)
  batch 10/10 [90000..100000]: 1327 ms  (7532 ops/s)
  total: 11051 ms  (9048 ops/s)

=== Iteration 3 ===
  batch 1/10 [0..10000]: 783 ms  (12758 ops/s)
  batch 2/10 [10000..20000]: 870 ms  (11484 ops/s)
  batch 3/10 [20000..30000]: 919 ms  (10872 ops/s)
  batch 4/10 [30000..40000]: 1039 ms  (9616 ops/s)
  batch 5/10 [40000..50000]: 1094 ms  (9136 ops/s)
  batch 6/10 [50000..60000]: 1159 ms  (8622 ops/s)
  batch 7/10 [60000..70000]: 1224 ms  (8166 ops/s)
  batch 8/10 [70000..80000]: 1277 ms  (7827 ops/s)
  batch 9/10 [80000..90000]: 1333 ms  (7499 ops/s)
  batch 10/10 [90000..100000]: 1319 ms  (7581 ops/s)
  total: 11022 ms  (9071 ops/s)
  [T2] mixed_od_multi_v0.0_d0.1_random_t2_s100000
dvi_txn_benchmark_naive
  experiment:      T2
  workload:        mixed
  mechanism:       od_multi
  violation:       0
  duplicate_rate:  0.1
  num_unique_lhs:  90000
  access:          random
  size:            100000
  batch_size:      10000
  threads:         2
  pre_pop:         100000

=== Iteration 1 ===
[PERF] operator[] used at src/lib/storage/value_segment.cpp:48
	Performance can be affected. This warning is only shown once.
[PERF] Unresolved iterator created for AbstractPosList at src/lib/storage/pos_lists/abstract_pos_list.cpp:8
	Performance can be affected. This warning is only shown once.
  batch 1/10 [0..10000]: 766 ms  (13038 ops/s)
  batch 2/10 [10000..20000]: 853 ms  (11716 ops/s)
  batch 3/10 [20000..30000]: 908 ms  (11003 ops/s)
[PERF] operator[] used at src/lib/storage/frame_of_reference_segment.cpp:49
	Performance can be affected. This warning is only shown once.
  batch 4/10 [30000..40000]: 1046 ms  (9558 ops/s)
  batch 5/10 [40000..50000]: 1070 ms  (9344 ops/s)
  batch 6/10 [50000..60000]: 1123 ms  (8897 ops/s)
  batch 7/10 [60000..70000]: 1204 ms  (8303 ops/s)
  batch 8/10 [70000..80000]: 1260 ms  (7932 ops/s)
  batch 9/10 [80000..90000]: 1314 ms  (7604 ops/s)
  batch 10/10 [90000..100000]: 1304 ms  (7665 ops/s)
  total: 10853 ms  (9213 ops/s)

=== Iteration 2 ===
  batch 1/10 [0..10000]: 770 ms  (12976 ops/s)
  batch 2/10 [10000..20000]: 848 ms  (11778 ops/s)
  batch 3/10 [20000..30000]: 908 ms  (11007 ops/s)
  batch 4/10 [30000..40000]: 1046 ms  (9552 ops/s)
  batch 5/10 [40000..50000]: 1070 ms  (9339 ops/s)
  batch 6/10 [50000..60000]: 1139 ms  (8778 ops/s)
  batch 7/10 [60000..70000]: 1201 ms  (8320 ops/s)
  batch 8/10 [70000..80000]: 1253 ms  (7979 ops/s)
  batch 9/10 [80000..90000]: 1313 ms  (7612 ops/s)
  batch 10/10 [90000..100000]: 1315 ms  (7599 ops/s)
  total: 10869 ms  (9200 ops/s)

=== Iteration 3 ===
  batch 1/10 [0..10000]: 771 ms  (12958 ops/s)
  batch 2/10 [10000..20000]: 849 ms  (11774 ops/s)
  batch 3/10 [20000..30000]: 906 ms  (11031 ops/s)
  batch 4/10 [30000..40000]: 1029 ms  (9717 ops/s)
  batch 5/10 [40000..50000]: 1088 ms  (9185 ops/s)
  batch 6/10 [50000..60000]: 1153 ms  (8665 ops/s)
  batch 7/10 [60000..70000]: 1199 ms  (8340 ops/s)
  batch 8/10 [70000..80000]: 1240 ms  (8058 ops/s)
  batch 9/10 [80000..90000]: 1318 ms  (7583 ops/s)
  batch 10/10 [90000..100000]: 1321 ms  (7565 ops/s)
  total: 10879 ms  (9191 ops/s)
  [T3] mixed_od_multi_v0.0_d0.1_random_t2_s100000
dvi_txn_benchmark_naive
  experiment:      T3
  workload:        mixed
  mechanism:       od_multi
  violation:       0
  duplicate_rate:  0.1
  num_unique_lhs:  90000
  access:          random
  size:            100000
  batch_size:      10000
  threads:         2
  pre_pop:         100000

=== Iteration 1 ===
[PERF] operator[] used at src/lib/storage/value_segment.cpp:48
	Performance can be affected. This warning is only shown once.
[PERF] Unresolved iterator created for AbstractPosList at src/lib/storage/pos_lists/abstract_pos_list.cpp:8
	Performance can be affected. This warning is only shown once.
  batch 1/10 [0..10000]: 767 ms  (13023 ops/s)
  batch 2/10 [10000..20000]: 846 ms  (11820 ops/s)
  batch 3/10 [20000..30000]: 906 ms  (11028 ops/s)
[PERF] operator[] used at src/lib/storage/frame_of_reference_segment.cpp:49
	Performance can be affected. This warning is only shown once.
  batch 4/10 [30000..40000]: 1040 ms  (9614 ops/s)
  batch 5/10 [40000..50000]: 1073 ms  (9318 ops/s)
  batch 6/10 [50000..60000]: 1143 ms  (8743 ops/s)
  batch 7/10 [60000..70000]: 1190 ms  (8402 ops/s)
  batch 8/10 [70000..80000]: 1252 ms  (7984 ops/s)
  batch 9/10 [80000..90000]: 1311 ms  (7623 ops/s)
  batch 10/10 [90000..100000]: 1311 ms  (7622 ops/s)
  total: 10843 ms  (9221 ops/s)

=== Iteration 2 ===
  batch 1/10 [0..10000]: 766 ms  (13039 ops/s)
  batch 2/10 [10000..20000]: 837 ms  (11946 ops/s)
  batch 3/10 [20000..30000]: 911 ms  (10975 ops/s)
  batch 4/10 [30000..40000]: 1028 ms  (9724 ops/s)
  batch 5/10 [40000..50000]: 1071 ms  (9331 ops/s)
  batch 6/10 [50000..60000]: 1149 ms  (8696 ops/s)
  batch 7/10 [60000..70000]: 1195 ms  (8362 ops/s)
  batch 8/10 [70000..80000]: 1249 ms  (8000 ops/s)
  batch 9/10 [80000..90000]: 1301 ms  (7680 ops/s)
  batch 10/10 [90000..100000]: 1321 ms  (7567 ops/s)
  total: 10834 ms  (9230 ops/s)

=== Iteration 3 ===
  batch 1/10 [0..10000]: 774 ms  (12914 ops/s)
  batch 2/10 [10000..20000]: 857 ms  (11666 ops/s)
  batch 3/10 [20000..30000]: 901 ms  (11088 ops/s)
  batch 4/10 [30000..40000]: 1041 ms  (9597 ops/s)
  batch 5/10 [40000..50000]: 1087 ms  (9191 ops/s)
  batch 6/10 [50000..60000]: 1144 ms  (8734 ops/s)
  batch 7/10 [60000..70000]: 1190 ms  (8402 ops/s)
  batch 8/10 [70000..80000]: 1251 ms  (7990 ops/s)
  batch 9/10 [80000..90000]: 1314 ms  (7605 ops/s)
  batch 10/10 [90000..100000]: 1302 ms  (7675 ops/s)
  total: 10867 ms  (9201 ops/s)
  [T3] mixed_od_multi_v0.1_d0.1_random_t2_s100000
dvi_txn_benchmark_naive
  experiment:      T3
  workload:        mixed
  mechanism:       od_multi
  violation:       0.1
  duplicate_rate:  0.1
  num_unique_lhs:  90000
  access:          random
  size:            100000
  batch_size:      10000
  threads:         2
  pre_pop:         100000

=== Iteration 1 ===
[PERF] operator[] used at src/lib/storage/value_segment.cpp:48
	Performance can be affected. This warning is only shown once.
[PERF] Unresolved iterator created for AbstractPosList at src/lib/storage/pos_lists/abstract_pos_list.cpp:8
	Performance can be affected. This warning is only shown once.
  batch 1/10 [0..10000]: 771 ms  (12963 ops/s)
  batch 2/10 [10000..20000]: 852 ms  (11725 ops/s)
  batch 3/10 [20000..30000]: 914 ms  (10937 ops/s)
[PERF] operator[] used at src/lib/storage/frame_of_reference_segment.cpp:49
	Performance can be affected. This warning is only shown once.
  batch 4/10 [30000..40000]: 1050 ms  (9515 ops/s)
  batch 5/10 [40000..50000]: 1085 ms  (9210 ops/s)
  batch 6/10 [50000..60000]: 1141 ms  (8757 ops/s)
  batch 7/10 [60000..70000]: 1198 ms  (8345 ops/s)
  batch 8/10 [70000..80000]: 1258 ms  (7947 ops/s)
  batch 9/10 [80000..90000]: 1320 ms  (7572 ops/s)
  batch 10/10 [90000..100000]: 1310 ms  (7628 ops/s)
  total: 10904 ms  (9170 ops/s)

=== Iteration 2 ===
  batch 1/10 [0..10000]: 778 ms  (12846 ops/s)
  batch 2/10 [10000..20000]: 844 ms  (11839 ops/s)
  batch 3/10 [20000..30000]: 916 ms  (10909 ops/s)
  batch 4/10 [30000..40000]: 1048 ms  (9540 ops/s)
  batch 5/10 [40000..50000]: 1081 ms  (9248 ops/s)
  batch 6/10 [50000..60000]: 1135 ms  (8809 ops/s)
  batch 7/10 [60000..70000]: 1203 ms  (8307 ops/s)
  batch 8/10 [70000..80000]: 1268 ms  (7882 ops/s)
  batch 9/10 [80000..90000]: 1309 ms  (7637 ops/s)
  batch 10/10 [90000..100000]: 1313 ms  (7610 ops/s)
  total: 10899 ms  (9174 ops/s)

=== Iteration 3 ===
  batch 1/10 [0..10000]: 783 ms  (12756 ops/s)
  batch 2/10 [10000..20000]: 856 ms  (11677 ops/s)
  batch 3/10 [20000..30000]: 905 ms  (11037 ops/s)
  batch 4/10 [30000..40000]: 1035 ms  (9661 ops/s)
  batch 5/10 [40000..50000]: 1075 ms  (9302 ops/s)
  batch 6/10 [50000..60000]: 1129 ms  (8854 ops/s)
  batch 7/10 [60000..70000]: 1202 ms  (8318 ops/s)
  batch 8/10 [70000..80000]: 1256 ms  (7959 ops/s)
  batch 9/10 [80000..90000]: 1326 ms  (7539 ops/s)
  batch 10/10 [90000..100000]: 1326 ms  (7540 ops/s)
  total: 10896 ms  (9177 ops/s)
  [T3] mixed_od_multi_v0.2_d0.1_random_t2_s100000
dvi_txn_benchmark_naive
  experiment:      T3
  workload:        mixed
  mechanism:       od_multi
  violation:       0.2
  duplicate_rate:  0.1
  num_unique_lhs:  90000
  access:          random
  size:            100000
  batch_size:      10000
  threads:         2
  pre_pop:         100000

=== Iteration 1 ===
[PERF] operator[] used at src/lib/storage/value_segment.cpp:48
	Performance can be affected. This warning is only shown once.
[PERF] Unresolved iterator created for AbstractPosList at src/lib/storage/pos_lists/abstract_pos_list.cpp:8
	Performance can be affected. This warning is only shown once.
  batch 1/10 [0..10000]: 766 ms  (13046 ops/s)
  batch 2/10 [10000..20000]: 853 ms  (11720 ops/s)
  batch 3/10 [20000..30000]: 905 ms  (11041 ops/s)
[PERF] operator[] used at src/lib/storage/frame_of_reference_segment.cpp:49
	Performance can be affected. This warning is only shown once.
  batch 4/10 [30000..40000]: 1047 ms  (9548 ops/s)
  batch 5/10 [40000..50000]: 1086 ms  (9202 ops/s)
  batch 6/10 [50000..60000]: 1150 ms  (8691 ops/s)
  batch 7/10 [60000..70000]: 1196 ms  (8358 ops/s)
  batch 8/10 [70000..80000]: 1259 ms  (7938 ops/s)
  batch 9/10 [80000..90000]: 1308 ms  (7641 ops/s)
  batch 10/10 [90000..100000]: 1315 ms  (7603 ops/s)
  total: 10889 ms  (9182 ops/s)

=== Iteration 2 ===
  batch 1/10 [0..10000]: 766 ms  (13038 ops/s)
  batch 2/10 [10000..20000]: 847 ms  (11793 ops/s)
  batch 3/10 [20000..30000]: 912 ms  (10957 ops/s)
  batch 4/10 [30000..40000]: 1034 ms  (9666 ops/s)
  batch 5/10 [40000..50000]: 1074 ms  (9305 ops/s)
  batch 6/10 [50000..60000]: 1142 ms  (8751 ops/s)
  batch 7/10 [60000..70000]: 1193 ms  (8375 ops/s)
  batch 8/10 [70000..80000]: 1243 ms  (8040 ops/s)
  batch 9/10 [80000..90000]: 1315 ms  (7602 ops/s)
  batch 10/10 [90000..100000]: 1304 ms  (7666 ops/s)
  total: 10836 ms  (9227 ops/s)

=== Iteration 3 ===
  batch 1/10 [0..10000]: 773 ms  (12924 ops/s)
  batch 2/10 [10000..20000]: 850 ms  (11756 ops/s)
  batch 3/10 [20000..30000]: 906 ms  (11029 ops/s)
  batch 4/10 [30000..40000]: 1041 ms  (9602 ops/s)
  batch 5/10 [40000..50000]: 1086 ms  (9200 ops/s)
  batch 6/10 [50000..60000]: 1135 ms  (8807 ops/s)
  batch 7/10 [60000..70000]: 1189 ms  (8407 ops/s)
  batch 8/10 [70000..80000]: 1260 ms  (7935 ops/s)
  batch 9/10 [80000..90000]: 1321 ms  (7565 ops/s)
  batch 10/10 [90000..100000]: 1305 ms  (7662 ops/s)
  total: 10870 ms  (9198 ops/s)
  [T3] mixed_od_multi_v1.0_d0.1_random_t2_s100000
dvi_txn_benchmark_naive
  experiment:      T3
  workload:        mixed
  mechanism:       od_multi
  violation:       1
  duplicate_rate:  0.1
  num_unique_lhs:  90000
  access:          random
  size:            100000
  batch_size:      10000
  threads:         2
  pre_pop:         100000

=== Iteration 1 ===
[PERF] operator[] used at src/lib/storage/value_segment.cpp:48
	Performance can be affected. This warning is only shown once.
[PERF] Unresolved iterator created for AbstractPosList at src/lib/storage/pos_lists/abstract_pos_list.cpp:8
	Performance can be affected. This warning is only shown once.
  batch 1/10 [0..10000]: 766 ms  (13047 ops/s)
  batch 2/10 [10000..20000]: 842 ms  (11872 ops/s)
  batch 3/10 [20000..30000]: 905 ms  (11042 ops/s)
[PERF] operator[] used at src/lib/storage/frame_of_reference_segment.cpp:49
	Performance can be affected. This warning is only shown once.
  batch 4/10 [30000..40000]: 1051 ms  (9514 ops/s)
  batch 5/10 [40000..50000]: 1072 ms  (9321 ops/s)
  batch 6/10 [50000..60000]: 1127 ms  (8865 ops/s)
  batch 7/10 [60000..70000]: 1200 ms  (8327 ops/s)
  batch 8/10 [70000..80000]: 1257 ms  (7953 ops/s)
  batch 9/10 [80000..90000]: 1296 ms  (7713 ops/s)
  batch 10/10 [90000..100000]: 1292 ms  (7736 ops/s)
  total: 10813 ms  (9247 ops/s)

=== Iteration 2 ===
  batch 1/10 [0..10000]: 775 ms  (12900 ops/s)
  batch 2/10 [10000..20000]: 851 ms  (11745 ops/s)
  batch 3/10 [20000..30000]: 910 ms  (10981 ops/s)
  batch 4/10 [30000..40000]: 1046 ms  (9558 ops/s)
  batch 5/10 [40000..50000]: 1073 ms  (9311 ops/s)
  batch 6/10 [50000..60000]: 1130 ms  (8847 ops/s)
  batch 7/10 [60000..70000]: 1191 ms  (8395 ops/s)
  batch 8/10 [70000..80000]: 1258 ms  (7946 ops/s)
  batch 9/10 [80000..90000]: 1314 ms  (7610 ops/s)
  batch 10/10 [90000..100000]: 1321 ms  (7569 ops/s)
  total: 10872 ms  (9197 ops/s)

=== Iteration 3 ===
  batch 1/10 [0..10000]: 774 ms  (12917 ops/s)
  batch 2/10 [10000..20000]: 850 ms  (11757 ops/s)
  batch 3/10 [20000..30000]: 892 ms  (11200 ops/s)
  batch 4/10 [30000..40000]: 1045 ms  (9569 ops/s)
  batch 5/10 [40000..50000]: 1065 ms  (9382 ops/s)
  batch 6/10 [50000..60000]: 1128 ms  (8857 ops/s)
  batch 7/10 [60000..70000]: 1168 ms  (8559 ops/s)
  batch 8/10 [70000..80000]: 1238 ms  (8075 ops/s)
  batch 9/10 [80000..90000]: 1307 ms  (7648 ops/s)
  batch 10/10 [90000..100000]: 1315 ms  (7599 ops/s)
  total: 10787 ms  (9270 ops/s)
  [T4] mixed_od_multi_v0.0_d0.1_random_t2_s100000
dvi_txn_benchmark_naive
  experiment:      T4
  workload:        mixed
  mechanism:       od_multi
  violation:       0
  duplicate_rate:  0.1
  num_unique_lhs:  90000
  access:          random
  size:            100000
  batch_size:      10000
  threads:         2
  pre_pop:         100000

=== Iteration 1 ===
[PERF] operator[] used at src/lib/storage/value_segment.cpp:48
	Performance can be affected. This warning is only shown once.
[PERF] Unresolved iterator created for AbstractPosList at src/lib/storage/pos_lists/abstract_pos_list.cpp:8
	Performance can be affected. This warning is only shown once.
  batch 1/10 [0..10000]: 776 ms  (12886 ops/s)
  batch 2/10 [10000..20000]: 853 ms  (11718 ops/s)
  batch 3/10 [20000..30000]: 904 ms  (11052 ops/s)
[PERF] operator[] used at src/lib/storage/frame_of_reference_segment.cpp:49
	Performance can be affected. This warning is only shown once.
  batch 4/10 [30000..40000]: 1048 ms  (9537 ops/s)
  batch 5/10 [40000..50000]: 1081 ms  (9242 ops/s)
  batch 6/10 [50000..60000]: 1142 ms  (8750 ops/s)
  batch 7/10 [60000..70000]: 1184 ms  (8440 ops/s)
  batch 8/10 [70000..80000]: 1249 ms  (8005 ops/s)
  batch 9/10 [80000..90000]: 1313 ms  (7613 ops/s)
  batch 10/10 [90000..100000]: 1307 ms  (7649 ops/s)
  total: 10862 ms  (9206 ops/s)

=== Iteration 2 ===
  batch 1/10 [0..10000]: 787 ms  (12697 ops/s)
  batch 2/10 [10000..20000]: 858 ms  (11650 ops/s)
  batch 3/10 [20000..30000]: 913 ms  (10942 ops/s)
  batch 4/10 [30000..40000]: 1046 ms  (9556 ops/s)
  batch 5/10 [40000..50000]: 1076 ms  (9288 ops/s)
  batch 6/10 [50000..60000]: 1146 ms  (8724 ops/s)
  batch 7/10 [60000..70000]: 1217 ms  (8210 ops/s)
  batch 8/10 [70000..80000]: 1274 ms  (7848 ops/s)
  batch 9/10 [80000..90000]: 1305 ms  (7661 ops/s)
  batch 10/10 [90000..100000]: 1312 ms  (7621 ops/s)
  total: 10938 ms  (9142 ops/s)

=== Iteration 3 ===
  batch 1/10 [0..10000]: 783 ms  (12759 ops/s)
  batch 2/10 [10000..20000]: 852 ms  (11729 ops/s)
  batch 3/10 [20000..30000]: 899 ms  (11122 ops/s)
  batch 4/10 [30000..40000]: 1031 ms  (9695 ops/s)
  batch 5/10 [40000..50000]: 1077 ms  (9284 ops/s)
  batch 6/10 [50000..60000]: 1143 ms  (8745 ops/s)
  batch 7/10 [60000..70000]: 1203 ms  (8307 ops/s)
  batch 8/10 [70000..80000]: 1247 ms  (8017 ops/s)
  batch 9/10 [80000..90000]: 1301 ms  (7684 ops/s)
  batch 10/10 [90000..100000]: 1312 ms  (7621 ops/s)
  total: 10851 ms  (9215 ops/s)
  [T4] mixed_od_multi_v0.0_d0.0_random_t2_s100000
dvi_txn_benchmark_naive
  experiment:      T4
  workload:        mixed
  mechanism:       od_multi
  violation:       0
  duplicate_rate:  0
  num_unique_lhs:  100000
  access:          random
  size:            100000
  batch_size:      10000
  threads:         2
  pre_pop:         100000

=== Iteration 1 ===
[PERF] operator[] used at src/lib/storage/value_segment.cpp:48
	Performance can be affected. This warning is only shown once.
[PERF] Unresolved iterator created for AbstractPosList at src/lib/storage/pos_lists/abstract_pos_list.cpp:8
	Performance can be affected. This warning is only shown once.
  batch 1/10 [0..10000]: 771 ms  (12966 ops/s)
  batch 2/10 [10000..20000]: 833 ms  (11991 ops/s)
  batch 3/10 [20000..30000]: 899 ms  (11121 ops/s)
[PERF] operator[] used at src/lib/storage/frame_of_reference_segment.cpp:49
	Performance can be affected. This warning is only shown once.
  batch 4/10 [30000..40000]: 1036 ms  (9647 ops/s)
  batch 5/10 [40000..50000]: 1081 ms  (9245 ops/s)
  batch 6/10 [50000..60000]: 1136 ms  (8799 ops/s)
  batch 7/10 [60000..70000]: 1205 ms  (8296 ops/s)
  batch 8/10 [70000..80000]: 1251 ms  (7992 ops/s)
  batch 9/10 [80000..90000]: 1315 ms  (7603 ops/s)
  batch 10/10 [90000..100000]: 1305 ms  (7657 ops/s)
  total: 10836 ms  (9228 ops/s)

=== Iteration 2 ===
  batch 1/10 [0..10000]: 786 ms  (12711 ops/s)
  batch 2/10 [10000..20000]: 847 ms  (11802 ops/s)
  batch 3/10 [20000..30000]: 905 ms  (11043 ops/s)
  batch 4/10 [30000..40000]: 1034 ms  (9661 ops/s)
  batch 5/10 [40000..50000]: 1070 ms  (9342 ops/s)
  batch 6/10 [50000..60000]: 1146 ms  (8724 ops/s)
  batch 7/10 [60000..70000]: 1204 ms  (8302 ops/s)
  batch 8/10 [70000..80000]: 1256 ms  (7955 ops/s)
  batch 9/10 [80000..90000]: 1319 ms  (7576 ops/s)
  batch 10/10 [90000..100000]: 1320 ms  (7573 ops/s)
  total: 10892 ms  (9180 ops/s)

=== Iteration 3 ===
  batch 1/10 [0..10000]: 781 ms  (12797 ops/s)
  batch 2/10 [10000..20000]: 848 ms  (11781 ops/s)
  batch 3/10 [20000..30000]: 909 ms  (10999 ops/s)
  batch 4/10 [30000..40000]: 1044 ms  (9575 ops/s)
  batch 5/10 [40000..50000]: 1087 ms  (9198 ops/s)
  batch 6/10 [50000..60000]: 1135 ms  (8809 ops/s)
  batch 7/10 [60000..70000]: 1205 ms  (8296 ops/s)
  batch 8/10 [70000..80000]: 1263 ms  (7916 ops/s)
  batch 9/10 [80000..90000]: 1306 ms  (7652 ops/s)
  batch 10/10 [90000..100000]: 1310 ms  (7629 ops/s)
  total: 10892 ms  (9180 ops/s)
  [T5] mixed_od_multi_v0.0_d0.1_random_t1_s100000
dvi_txn_benchmark_naive
  experiment:      T5
  workload:        mixed
  mechanism:       od_multi
  violation:       0
  duplicate_rate:  0.1
  num_unique_lhs:  90000
  access:          random
  size:            100000
  batch_size:      10000
  threads:         1
  pre_pop:         100000

=== Iteration 1 ===
[PERF] operator[] used at src/lib/storage/value_segment.cpp:48
	Performance can be affected. This warning is only shown once.
[PERF] Unresolved iterator created for AbstractPosList at src/lib/storage/pos_lists/abstract_pos_list.cpp:8
	Performance can be affected. This warning is only shown once.
  batch 1/10 [0..10000]: 1448 ms  (6904 ops/s)
  batch 2/10 [10000..20000]: 1567 ms  (6379 ops/s)
  batch 3/10 [20000..30000]: 1688 ms  (5922 ops/s)
[PERF] operator[] used at src/lib/storage/frame_of_reference_segment.cpp:49
	Performance can be affected. This warning is only shown once.
  batch 4/10 [30000..40000]: 1933 ms  (5172 ops/s)
  batch 5/10 [40000..50000]: 2025 ms  (4937 ops/s)
  batch 6/10 [50000..60000]: 2123 ms  (4709 ops/s)
  batch 7/10 [60000..70000]: 2232 ms  (4478 ops/s)
  batch 8/10 [70000..80000]: 2333 ms  (4286 ops/s)
  batch 9/10 [80000..90000]: 2447 ms  (4085 ops/s)
  batch 10/10 [90000..100000]: 2406 ms  (4155 ops/s)
  total: 20206 ms  (4948 ops/s)

=== Iteration 2 ===
  batch 1/10 [0..10000]: 1452 ms  (6883 ops/s)
  batch 2/10 [10000..20000]: 1577 ms  (6340 ops/s)
  batch 3/10 [20000..30000]: 1687 ms  (5924 ops/s)
  batch 4/10 [30000..40000]: 1923 ms  (5199 ops/s)
  batch 5/10 [40000..50000]: 2006 ms  (4983 ops/s)
  batch 6/10 [50000..60000]: 2104 ms  (4750 ops/s)
  batch 7/10 [60000..70000]: 2217 ms  (4508 ops/s)
  batch 8/10 [70000..80000]: 2320 ms  (4309 ops/s)
  batch 9/10 [80000..90000]: 2432 ms  (4110 ops/s)
  batch 10/10 [90000..100000]: 2402 ms  (4162 ops/s)
  total: 20125 ms  (4968 ops/s)

=== Iteration 3 ===
  batch 1/10 [0..10000]: 1451 ms  (6891 ops/s)
  batch 2/10 [10000..20000]: 1575 ms  (6346 ops/s)
  batch 3/10 [20000..30000]: 1684 ms  (5935 ops/s)
  batch 4/10 [30000..40000]: 1921 ms  (5205 ops/s)
  batch 5/10 [40000..50000]: 2012 ms  (4968 ops/s)
  batch 6/10 [50000..60000]: 2113 ms  (4731 ops/s)
  batch 7/10 [60000..70000]: 2220 ms  (4504 ops/s)
  batch 8/10 [70000..80000]: 2327 ms  (4296 ops/s)
  batch 9/10 [80000..90000]: 2447 ms  (4086 ops/s)
  batch 10/10 [90000..100000]: 2419 ms  (4132 ops/s)
  total: 20173 ms  (4956 ops/s)
  [T5] mixed_od_multi_v0.0_d0.1_random_t2_s100000
dvi_txn_benchmark_naive
  experiment:      T5
  workload:        mixed
  mechanism:       od_multi
  violation:       0
  duplicate_rate:  0.1
  num_unique_lhs:  90000
  access:          random
  size:            100000
  batch_size:      10000
  threads:         2
  pre_pop:         100000

=== Iteration 1 ===
[PERF] operator[] used at src/lib/storage/value_segment.cpp:48
	Performance can be affected. This warning is only shown once.
[PERF] Unresolved iterator created for AbstractPosList at src/lib/storage/pos_lists/abstract_pos_list.cpp:8
	Performance can be affected. This warning is only shown once.
  batch 1/10 [0..10000]: 781 ms  (12797 ops/s)
  batch 2/10 [10000..20000]: 854 ms  (11706 ops/s)
  batch 3/10 [20000..30000]: 900 ms  (11100 ops/s)
[PERF] operator[] used at src/lib/storage/frame_of_reference_segment.cpp:49
	Performance can be affected. This warning is only shown once.
  batch 4/10 [30000..40000]: 1042 ms  (9595 ops/s)
  batch 5/10 [40000..50000]: 1086 ms  (9207 ops/s)
  batch 6/10 [50000..60000]: 1152 ms  (8674 ops/s)
  batch 7/10 [60000..70000]: 1204 ms  (8301 ops/s)
  batch 8/10 [70000..80000]: 1258 ms  (7944 ops/s)
  batch 9/10 [80000..90000]: 1308 ms  (7640 ops/s)
  batch 10/10 [90000..100000]: 1310 ms  (7630 ops/s)
  total: 10900 ms  (9174 ops/s)

=== Iteration 2 ===
  batch 1/10 [0..10000]: 774 ms  (12918 ops/s)
  batch 2/10 [10000..20000]: 851 ms  (11747 ops/s)
  batch 3/10 [20000..30000]: 915 ms  (10923 ops/s)
  batch 4/10 [30000..40000]: 1036 ms  (9650 ops/s)
  batch 5/10 [40000..50000]: 1091 ms  (9165 ops/s)
  batch 6/10 [50000..60000]: 1154 ms  (8660 ops/s)
  batch 7/10 [60000..70000]: 1193 ms  (8376 ops/s)
  batch 8/10 [70000..80000]: 1262 ms  (7923 ops/s)
  batch 9/10 [80000..90000]: 1307 ms  (7647 ops/s)
  batch 10/10 [90000..100000]: 1303 ms  (7674 ops/s)
  total: 10889 ms  (9183 ops/s)

=== Iteration 3 ===
  batch 1/10 [0..10000]: 779 ms  (12830 ops/s)
  batch 2/10 [10000..20000]: 836 ms  (11948 ops/s)
  batch 3/10 [20000..30000]: 907 ms  (11020 ops/s)
  batch 4/10 [30000..40000]: 1039 ms  (9616 ops/s)
  batch 5/10 [40000..50000]: 1082 ms  (9242 ops/s)
  batch 6/10 [50000..60000]: 1138 ms  (8781 ops/s)
  batch 7/10 [60000..70000]: 1203 ms  (8307 ops/s)
  batch 8/10 [70000..80000]: 1255 ms  (7964 ops/s)
  batch 9/10 [80000..90000]: 1309 ms  (7637 ops/s)
  batch 10/10 [90000..100000]: 1304 ms  (7668 ops/s)
  total: 10857 ms  (9210 ops/s)
  [T5] mixed_od_multi_v0.0_d0.1_random_t4_s100000
dvi_txn_benchmark_naive
  experiment:      T5
  workload:        mixed
  mechanism:       od_multi
  violation:       0
  duplicate_rate:  0.1
  num_unique_lhs:  90000
  access:          random
  size:            100000
  batch_size:      10000
  threads:         4
  pre_pop:         100000

=== Iteration 1 ===
[PERF] operator[] used at src/lib/storage/value_segment.cpp:48
	Performance can be affected. This warning is only shown once.
[PERF] Unresolved iterator created for AbstractPosList at src/lib/storage/pos_lists/abstract_pos_list.cpp:8
	Performance can be affected. This warning is only shown once.
  batch 1/10 [0..10000]: 402 ms  (24842 ops/s)
  batch 2/10 [10000..20000]: 428 ms  (23312 ops/s)
  batch 3/10 [20000..30000]: 458 ms  (21825 ops/s)
[PERF] operator[] used at src/lib/storage/frame_of_reference_segment.cpp:49
	Performance can be affected. This warning is only shown once.
  batch 4/10 [30000..40000]: 548 ms  (18216 ops/s)
  batch 5/10 [40000..50000]: 543 ms  (18389 ops/s)
  batch 6/10 [50000..60000]: 574 ms  (17420 ops/s)
  batch 7/10 [60000..70000]: 604 ms  (16550 ops/s)
  batch 8/10 [70000..80000]: 631 ms  (15839 ops/s)
  batch 9/10 [80000..90000]: 665 ms  (15032 ops/s)
  batch 10/10 [90000..100000]: 684 ms  (14616 ops/s)
  total: 5541 ms  (18045 ops/s)

=== Iteration 2 ===
  batch 1/10 [0..10000]: 407 ms  (24530 ops/s)
  batch 2/10 [10000..20000]: 428 ms  (23311 ops/s)
  batch 3/10 [20000..30000]: 457 ms  (21858 ops/s)
  batch 4/10 [30000..40000]: 550 ms  (18162 ops/s)
  batch 5/10 [40000..50000]: 548 ms  (18215 ops/s)
  batch 6/10 [50000..60000]: 572 ms  (17454 ops/s)
  batch 7/10 [60000..70000]: 603 ms  (16557 ops/s)
  batch 8/10 [70000..80000]: 631 ms  (15836 ops/s)
  batch 9/10 [80000..90000]: 660 ms  (15151 ops/s)
  batch 10/10 [90000..100000]: 682 ms  (14646 ops/s)
  total: 5544 ms  (18034 ops/s)

=== Iteration 3 ===
  batch 1/10 [0..10000]: 407 ms  (24558 ops/s)
  batch 2/10 [10000..20000]: 432 ms  (23131 ops/s)
  batch 3/10 [20000..30000]: 473 ms  (21115 ops/s)
  batch 4/10 [30000..40000]: 550 ms  (18153 ops/s)
  batch 5/10 [40000..50000]: 547 ms  (18262 ops/s)
  batch 6/10 [50000..60000]: 575 ms  (17363 ops/s)
  batch 7/10 [60000..70000]: 606 ms  (16479 ops/s)
  batch 8/10 [70000..80000]: 630 ms  (15864 ops/s)
  batch 9/10 [80000..90000]: 655 ms  (15250 ops/s)
  batch 10/10 [90000..100000]: 685 ms  (14582 ops/s)
  total: 5566 ms  (17966 ops/s)
  [T5] mixed_od_multi_v0.0_d0.1_random_t8_s100000
dvi_txn_benchmark_naive
  experiment:      T5
  workload:        mixed
  mechanism:       od_multi
  violation:       0
  duplicate_rate:  0.1
  num_unique_lhs:  90000
  access:          random
  size:            100000
  batch_size:      10000
  threads:         8
  pre_pop:         100000

=== Iteration 1 ===
[PERF] operator[] used at src/lib/storage/value_segment.cpp:48
	Performance can be affected. This warning is only shown once.
[PERF] Unresolved iterator created for AbstractPosList at src/lib/storage/pos_lists/abstract_pos_list.cpp:8
	Performance can be affected. This warning is only shown once.
  batch 1/10 [0..10000]: 209 ms  (47693 ops/s)
  batch 2/10 [10000..20000]: 223 ms  (44765 ops/s)
  batch 3/10 [20000..30000]: 237 ms  (42165 ops/s)
[PERF] operator[] used at src/lib/storage/frame_of_reference_segment.cpp:49
	Performance can be affected. This warning is only shown once.
  batch 4/10 [30000..40000]: 300 ms  (33261 ops/s)
  batch 5/10 [40000..50000]: 278 ms  (35957 ops/s)
  batch 6/10 [50000..60000]: 294 ms  (34008 ops/s)
  batch 7/10 [60000..70000]: 306 ms  (32603 ops/s)
  batch 8/10 [70000..80000]: 322 ms  (30973 ops/s)
  batch 9/10 [80000..90000]: 338 ms  (29530 ops/s)
  batch 10/10 [90000..100000]: 366 ms  (27261 ops/s)
  total: 2878 ms  (34746 ops/s)

=== Iteration 2 ===
  batch 1/10 [0..10000]: 215 ms  (46477 ops/s)
  batch 2/10 [10000..20000]: 222 ms  (44923 ops/s)
  batch 3/10 [20000..30000]: 236 ms  (42337 ops/s)
  batch 4/10 [30000..40000]: 299 ms  (33375 ops/s)
  batch 5/10 [40000..50000]: 279 ms  (35765 ops/s)
  batch 6/10 [50000..60000]: 294 ms  (33963 ops/s)
  batch 7/10 [60000..70000]: 308 ms  (32373 ops/s)
  batch 8/10 [70000..80000]: 321 ms  (31131 ops/s)
  batch 9/10 [80000..90000]: 339 ms  (29495 ops/s)
  batch 10/10 [90000..100000]: 367 ms  (27244 ops/s)
  total: 2883 ms  (34676 ops/s)

=== Iteration 3 ===
  batch 1/10 [0..10000]: 216 ms  (46136 ops/s)
  batch 2/10 [10000..20000]: 222 ms  (44934 ops/s)
  batch 3/10 [20000..30000]: 235 ms  (42538 ops/s)
  batch 4/10 [30000..40000]: 301 ms  (33183 ops/s)
  batch 5/10 [40000..50000]: 277 ms  (36000 ops/s)
  batch 6/10 [50000..60000]: 292 ms  (34204 ops/s)
  batch 7/10 [60000..70000]: 308 ms  (32461 ops/s)
  batch 8/10 [70000..80000]: 321 ms  (31144 ops/s)
  batch 9/10 [80000..90000]: 337 ms  (29585 ops/s)
  batch 10/10 [90000..100000]: 365 ms  (27344 ops/s)
  total: 2878 ms  (34737 ops/s)
  [T5] mixed_od_multi_v0.0_d0.1_random_t16_s100000
dvi_txn_benchmark_naive
  experiment:      T5
  workload:        mixed
  mechanism:       od_multi
  violation:       0
  duplicate_rate:  0.1
  num_unique_lhs:  90000
  access:          random
  size:            100000
  batch_size:      10000
  threads:         16
  pre_pop:         100000

=== Iteration 1 ===
[PERF] operator[] used at src/lib/storage/value_segment.cpp:48
	Performance can be affected. This warning is only shown once.
[PERF] Unresolved iterator created for AbstractPosList at src/lib/storage/pos_lists/abstract_pos_list.cpp:8
	Performance can be affected. This warning is only shown once.
  batch 1/10 [0..10000]: 171 ms  (58476 ops/s)
  batch 2/10 [10000..20000]: 179 ms  (55586 ops/s)
  batch 3/10 [20000..30000]: 178 ms  (56052 ops/s)
[PERF] operator[] used at src/lib/storage/frame_of_reference_segment.cpp:49
	Performance can be affected. This warning is only shown once.
  batch 4/10 [30000..40000]: 266 ms  (37553 ops/s)
  batch 5/10 [40000..50000]: 222 ms  (44858 ops/s)
  batch 6/10 [50000..60000]: 247 ms  (40401 ops/s)
  batch 7/10 [60000..70000]: 259 ms  (38467 ops/s)
  batch 8/10 [70000..80000]: 274 ms  (36447 ops/s)
  batch 9/10 [80000..90000]: 286 ms  (34894 ops/s)
  batch 10/10 [90000..100000]: 299 ms  (33425 ops/s)
  total: 2386 ms  (41909 ops/s)

=== Iteration 2 ===
  batch 1/10 [0..10000]: 172 ms  (57872 ops/s)
  batch 2/10 [10000..20000]: 176 ms  (56785 ops/s)
  batch 3/10 [20000..30000]: 199 ms  (50206 ops/s)
  batch 4/10 [30000..40000]: 259 ms  (38512 ops/s)
  batch 5/10 [40000..50000]: 238 ms  (42015 ops/s)
  batch 6/10 [50000..60000]: 249 ms  (40132 ops/s)
  batch 7/10 [60000..70000]: 277 ms  (36006 ops/s)
  batch 8/10 [70000..80000]: 271 ms  (36872 ops/s)
  batch 9/10 [80000..90000]: 270 ms  (36956 ops/s)
  batch 10/10 [90000..100000]: 287 ms  (34738 ops/s)
  total: 2402 ms  (41626 ops/s)

=== Iteration 3 ===
  batch 1/10 [0..10000]: 173 ms  (57757 ops/s)
  batch 2/10 [10000..20000]: 167 ms  (59703 ops/s)
  batch 3/10 [20000..30000]: 205 ms  (48607 ops/s)
  batch 4/10 [30000..40000]: 265 ms  (37734 ops/s)
  batch 5/10 [40000..50000]: 217 ms  (45879 ops/s)
  batch 6/10 [50000..60000]: 240 ms  (41632 ops/s)
  batch 7/10 [60000..70000]: 259 ms  (38566 ops/s)
  batch 8/10 [70000..80000]: 243 ms  (41020 ops/s)
  batch 9/10 [80000..90000]: 256 ms  (38944 ops/s)
  batch 10/10 [90000..100000]: 266 ms  (37534 ops/s)
  total: 2295 ms  (43557 ops/s)
  [T5] mixed_od_multi_v0.0_d0.1_random_t32_s100000
dvi_txn_benchmark_naive
  experiment:      T5
  workload:        mixed
  mechanism:       od_multi
  violation:       0
  duplicate_rate:  0.1
  num_unique_lhs:  90000
  access:          random
  size:            100000
  batch_size:      10000
  threads:         32
  pre_pop:         100000

=== Iteration 1 ===
[PERF] operator[] used at src/lib/storage/value_segment.cpp:48
	Performance can be affected. This warning is only shown once.
[PERF] Unresolved iterator created for AbstractPosList at src/lib/storage/pos_lists/abstract_pos_list.cpp:8
	Performance can be affected. This warning is only shown once.
  batch 1/10 [0..10000]: 125 ms  (79726 ops/s)
  batch 2/10 [10000..20000]: 128 ms  (77722 ops/s)
  batch 3/10 [20000..30000]: 135 ms  (73652 ops/s)
[PERF] operator[] used at src/lib/storage/frame_of_reference_segment.cpp:49
	Performance can be affected. This warning is only shown once.
  batch 4/10 [30000..40000]: 193 ms  (51654 ops/s)
  batch 5/10 [40000..50000]: 162 ms  (61428 ops/s)
  batch 6/10 [50000..60000]: 184 ms  (54343 ops/s)
  batch 7/10 [60000..70000]: 198 ms  (50292 ops/s)
  batch 8/10 [70000..80000]: 206 ms  (48395 ops/s)
  batch 9/10 [80000..90000]: 235 ms  (42458 ops/s)
  batch 10/10 [90000..100000]: 256 ms  (39001 ops/s)
  total: 1827 ms  (54714 ops/s)

=== Iteration 2 ===
  batch 1/10 [0..10000]: 125 ms  (79967 ops/s)
  batch 2/10 [10000..20000]: 129 ms  (77350 ops/s)
  batch 3/10 [20000..30000]: 138 ms  (72307 ops/s)
  batch 4/10 [30000..40000]: 192 ms  (52023 ops/s)
  batch 5/10 [40000..50000]: 168 ms  (59336 ops/s)
  batch 6/10 [50000..60000]: 190 ms  (52562 ops/s)
  batch 7/10 [60000..70000]: 194 ms  (51291 ops/s)
  batch 8/10 [70000..80000]: 221 ms  (45069 ops/s)
  batch 9/10 [80000..90000]: 222 ms  (44907 ops/s)
  batch 10/10 [90000..100000]: 254 ms  (39342 ops/s)
  total: 1837 ms  (54426 ops/s)

=== Iteration 3 ===
  batch 1/10 [0..10000]: 126 ms  (79071 ops/s)
  batch 2/10 [10000..20000]: 124 ms  (80001 ops/s)
  batch 3/10 [20000..30000]: 141 ms  (70439 ops/s)
  batch 4/10 [30000..40000]: 191 ms  (52212 ops/s)
  batch 5/10 [40000..50000]: 162 ms  (61354 ops/s)
  batch 6/10 [50000..60000]: 193 ms  (51807 ops/s)
  batch 7/10 [60000..70000]: 191 ms  (52240 ops/s)
  batch 8/10 [70000..80000]: 206 ms  (48482 ops/s)
  batch 9/10 [80000..90000]: 228 ms  (43673 ops/s)
  batch 10/10 [90000..100000]: 265 ms  (37645 ops/s)
  total: 1833 ms  (54547 ops/s)
  [T5] mixed_od_multi_v0.0_d0.1_random_t64_s100000
dvi_txn_benchmark_naive
  experiment:      T5
  workload:        mixed
  mechanism:       od_multi
  violation:       0
  duplicate_rate:  0.1
  num_unique_lhs:  90000
  access:          random
  size:            100000
  batch_size:      10000
  threads:         64
  pre_pop:         100000

=== Iteration 1 ===
[PERF] operator[] used at src/lib/storage/value_segment.cpp:48
	Performance can be affected. This warning is only shown once.
[PERF] Unresolved iterator created for AbstractPosList at src/lib/storage/pos_lists/abstract_pos_list.cpp:8
	Performance can be affected. This warning is only shown once.
  batch 1/10 [0..10000]: 142 ms  (70287 ops/s)
  batch 2/10 [10000..20000]: 146 ms  (68230 ops/s)
  batch 3/10 [20000..30000]: 158 ms  (62915 ops/s)
[PERF] operator[] used at src/lib/storage/frame_of_reference_segment.cpp:49
	Performance can be affected. This warning is only shown once.
  batch 4/10 [30000..40000]: 210 ms  (47482 ops/s)
  batch 5/10 [40000..50000]: 185 ms  (53853 ops/s)
  batch 6/10 [50000..60000]: 202 ms  (49395 ops/s)
  batch 7/10 [60000..70000]: 220 ms  (45277 ops/s)
  batch 8/10 [70000..80000]: 231 ms  (43204 ops/s)
  batch 9/10 [80000..90000]: 245 ms  (40668 ops/s)
  batch 10/10 [90000..100000]: 269 ms  (37094 ops/s)
  total: 2014 ms  (49644 ops/s)

=== Iteration 2 ===
  batch 1/10 [0..10000]: 149 ms  (66784 ops/s)
  batch 2/10 [10000..20000]: 142 ms  (70035 ops/s)
  batch 3/10 [20000..30000]: 157 ms  (63593 ops/s)
  batch 4/10 [30000..40000]: 217 ms  (46080 ops/s)
  batch 5/10 [40000..50000]: 189 ms  (52804 ops/s)
  batch 6/10 [50000..60000]: 203 ms  (49108 ops/s)
  batch 7/10 [60000..70000]: 216 ms  (46235 ops/s)
  batch 8/10 [70000..80000]: 232 ms  (43001 ops/s)
  batch 9/10 [80000..90000]: 244 ms  (40856 ops/s)
  batch 10/10 [90000..100000]: 276 ms  (36132 ops/s)
  total: 2030 ms  (49257 ops/s)

=== Iteration 3 ===
  batch 1/10 [0..10000]: 146 ms  (68467 ops/s)
  batch 2/10 [10000..20000]: 146 ms  (68372 ops/s)
  batch 3/10 [20000..30000]: 157 ms  (63519 ops/s)
  batch 4/10 [30000..40000]: 212 ms  (47068 ops/s)
  batch 5/10 [40000..50000]: 188 ms  (52974 ops/s)
  batch 6/10 [50000..60000]: 195 ms  (51039 ops/s)
  batch 7/10 [60000..70000]: 214 ms  (46568 ops/s)
  batch 8/10 [70000..80000]: 224 ms  (44605 ops/s)
  batch 9/10 [80000..90000]: 249 ms  (40012 ops/s)
  batch 10/10 [90000..100000]: 270 ms  (36995 ops/s)
  total: 2006 ms  (49849 ops/s)
  [T6] mixed_od_multi_v0.0_d0.1_random_t2_s100000
dvi_txn_benchmark_naive
  experiment:      T6
  workload:        mixed
  mechanism:       od_multi
  violation:       0
  duplicate_rate:  0.1
  num_unique_lhs:  90000
  access:          random
  size:            100000
  batch_size:      10000
  threads:         2
  pre_pop:         100000

=== Iteration 1 ===
[PERF] operator[] used at src/lib/storage/value_segment.cpp:48
	Performance can be affected. This warning is only shown once.
[PERF] Unresolved iterator created for AbstractPosList at src/lib/storage/pos_lists/abstract_pos_list.cpp:8
	Performance can be affected. This warning is only shown once.
  batch 1/10 [0..10000]: 761 ms  (13136 ops/s)
  batch 2/10 [10000..20000]: 853 ms  (11717 ops/s)
  batch 3/10 [20000..30000]: 911 ms  (10965 ops/s)
[PERF] operator[] used at src/lib/storage/frame_of_reference_segment.cpp:49
	Performance can be affected. This warning is only shown once.
  batch 4/10 [30000..40000]: 1047 ms  (9545 ops/s)
  batch 5/10 [40000..50000]: 1076 ms  (9287 ops/s)
  batch 6/10 [50000..60000]: 1132 ms  (8826 ops/s)
  batch 7/10 [60000..70000]: 1191 ms  (8393 ops/s)
  batch 8/10 [70000..80000]: 1253 ms  (7974 ops/s)
  batch 9/10 [80000..90000]: 1309 ms  (7635 ops/s)
  batch 10/10 [90000..100000]: 1302 ms  (7677 ops/s)
  total: 10841 ms  (9223 ops/s)

=== Iteration 2 ===
  batch 1/10 [0..10000]: 771 ms  (12969 ops/s)
  batch 2/10 [10000..20000]: 835 ms  (11968 ops/s)
  batch 3/10 [20000..30000]: 900 ms  (11103 ops/s)
  batch 4/10 [30000..40000]: 1029 ms  (9710 ops/s)
  batch 5/10 [40000..50000]: 1087 ms  (9197 ops/s)
  batch 6/10 [50000..60000]: 1132 ms  (8826 ops/s)
  batch 7/10 [60000..70000]: 1191 ms  (8395 ops/s)
  batch 8/10 [70000..80000]: 1246 ms  (8023 ops/s)
  batch 9/10 [80000..90000]: 1295 ms  (7717 ops/s)
  batch 10/10 [90000..100000]: 1302 ms  (7680 ops/s)
  total: 10792 ms  (9265 ops/s)

=== Iteration 3 ===
  batch 1/10 [0..10000]: 769 ms  (12992 ops/s)
  batch 2/10 [10000..20000]: 837 ms  (11945 ops/s)
  batch 3/10 [20000..30000]: 896 ms  (11160 ops/s)
  batch 4/10 [30000..40000]: 1032 ms  (9683 ops/s)
  batch 5/10 [40000..50000]: 1078 ms  (9267 ops/s)
  batch 6/10 [50000..60000]: 1134 ms  (8816 ops/s)
  batch 7/10 [60000..70000]: 1181 ms  (8463 ops/s)
  batch 8/10 [70000..80000]: 1259 ms  (7936 ops/s)
  batch 9/10 [80000..90000]: 1316 ms  (7596 ops/s)
  batch 10/10 [90000..100000]: 1302 ms  (7674 ops/s)
  total: 10809 ms  (9250 ops/s)
  [T6] mixed_od_multi_v0.0_d0.1_sequential_t2_s100000
dvi_txn_benchmark_naive
  experiment:      T6
  workload:        mixed
  mechanism:       od_multi
  violation:       0
  duplicate_rate:  0.1
  num_unique_lhs:  90000
  access:          sequential
  size:            100000
  batch_size:      10000
  threads:         2
  pre_pop:         100000

=== Iteration 1 ===
[PERF] operator[] used at src/lib/storage/value_segment.cpp:48
	Performance can be affected. This warning is only shown once.
[PERF] Unresolved iterator created for AbstractPosList at src/lib/storage/pos_lists/abstract_pos_list.cpp:8
	Performance can be affected. This warning is only shown once.
  batch 1/10 [0..10000]: 746 ms  (13395 ops/s)
  batch 2/10 [10000..20000]: 798 ms  (12519 ops/s)
  batch 3/10 [20000..30000]: 857 ms  (11668 ops/s)
[PERF] operator[] used at src/lib/storage/frame_of_reference_segment.cpp:49
	Performance can be affected. This warning is only shown once.
  batch 4/10 [30000..40000]: 718 ms  (13919 ops/s)
  batch 5/10 [40000..50000]: 712 ms  (14043 ops/s)
  batch 6/10 [50000..60000]: 769 ms  (12999 ops/s)
  batch 7/10 [60000..70000]: 827 ms  (12087 ops/s)
  batch 8/10 [70000..80000]: 887 ms  (11270 ops/s)
  batch 9/10 [80000..90000]: 935 ms  (10688 ops/s)
  batch 10/10 [90000..100000]: 948 ms  (10541 ops/s)
  total: 8200 ms  (12193 ops/s)

=== Iteration 2 ===
  batch 1/10 [0..10000]: 744 ms  (13426 ops/s)
  batch 2/10 [10000..20000]: 785 ms  (12731 ops/s)
  batch 3/10 [20000..30000]: 850 ms  (11764 ops/s)
  batch 4/10 [30000..40000]: 707 ms  (14141 ops/s)
  batch 5/10 [40000..50000]: 711 ms  (14064 ops/s)
  batch 6/10 [50000..60000]: 765 ms  (13063 ops/s)
  batch 7/10 [60000..70000]: 827 ms  (12089 ops/s)
  batch 8/10 [70000..80000]: 880 ms  (11351 ops/s)
  batch 9/10 [80000..90000]: 939 ms  (10642 ops/s)
  batch 10/10 [90000..100000]: 940 ms  (10630 ops/s)
  total: 8152 ms  (12266 ops/s)

=== Iteration 3 ===
  batch 1/10 [0..10000]: 750 ms  (13326 ops/s)
  batch 2/10 [10000..20000]: 794 ms  (12582 ops/s)
  batch 3/10 [20000..30000]: 842 ms  (11871 ops/s)
  batch 4/10 [30000..40000]: 710 ms  (14079 ops/s)
  batch 5/10 [40000..50000]: 714 ms  (13995 ops/s)
  batch 6/10 [50000..60000]: 771 ms  (12957 ops/s)
  batch 7/10 [60000..70000]: 819 ms  (12203 ops/s)
  batch 8/10 [70000..80000]: 884 ms  (11303 ops/s)
  batch 9/10 [80000..90000]: 934 ms  (10705 ops/s)
  batch 10/10 [90000..100000]: 940 ms  (10636 ops/s)
  total: 8162 ms  (12251 ops/s)

======================================================================
  Done.
  Results : /home/Jonas.Baltruschat/hyrise/dvi_benchmarks/results/naive_txn/20260422_010857/results.csv
  Meta    : /home/Jonas.Baltruschat/hyrise/dvi_benchmarks/results/naive_txn/20260422_010857/meta.txt
  Log     : /home/Jonas.Baltruschat/hyrise/dvi_benchmarks/results/naive_txn/20260422_010857/run.log
======================================================================
